 ✔ Container stash Running                                                                                                     0.0s
Attaching to stash
stash  | 2026-04-23T19:02:43.682243457-03:00 INF Response: 200 OK httpRequest={"proto":"HTTP/1.1","remoteIP":"192.168.42.106:54143","requestID":"438a9a6f1e38/hcstIKcZuT-000149","requestMethod":"GET","requestPath":"/settings","requestURL":"http://192.168.42.164:9999/settings?tab=system"} httpResponse={"bytes":939,"elapsed":0.489662,"status":200} service=stash
stash  | 2026-04-23T19:02:43.958166444-03:00 WRN Response: 0 Unknown httpRequest={"proto":"HTTP/1.1","remoteIP":"192.168.42.106:54021","requestID":"438a9a6f1e38/hcstIKcZuT-000121","requestMethod":"GET","requestPath":"/graphql","requestURL":"http://192.168.42.164:9999/graphql"} httpResponse={"bytes":0,"elapsed":531006.518834,"status":0} service=stash
stash  | 2026-04-23T19:02:43.995686459-03:00 INF Response: 200 OK httpRequest={"proto":"HTTP/1.1","remoteIP":"192.168.42.106:54143","requestID":"438a9a6f1e38/hcstIKcZuT-000150","requestMethod":"GET","requestPath":"/manifest.json","requestURL":"http://192.168.42.164:9999/manifest.json"} httpResponse={"bytes":381,"elapsed":0.055255,"status":200} service=stash
stash  | 2026-04-23T19:02:44.781657712-03:00 INF Response: 304 Redirect httpRequest={"proto":"HTTP/1.1","remoteIP":"192.168.42.106:54143","requestID":"438a9a6f1e38/hcstIKcZuT-000152","requestMethod":"GET","requestPath":"/css","requestURL":"http://192.168.42.164:9999/css"} httpResponse={"bytes":0,"elapsed":0.042983,"status":304} service=stash
stash  | 2026-04-23T19:02:44.789141675-03:00 INF Response: 304 Redirect httpRequest={"proto":"HTTP/1.1","remoteIP":"192.168.42.106:54145","requestID":"438a9a6f1e38/hcstIKcZuT-000153","requestMethod":"GET","requestPath":"/javascript","requestURL":"http://192.168.42.164:9999/javascript"} httpResponse={"bytes":0,"elapsed":0.057487,"status":304} service=stash
stash  | 2026-04-23T19:02:45.004626434-03:00 INF Response: 200 OK httpRequest={"proto":"HTTP/1.1","remoteIP":"192.168.42.106:54143","requestID":"438a9a6f1e38/hcstIKcZuT-000154","requestMethod":"POST","requestPath":"/graphql","requestURL":"http://192.168.42.164:9999/graphql"} httpResponse={"bytes":4549,"elapsed":2.60292,"status":200} service=stash
stash  | 2026-04-23T19:02:45.010263387-03:00 INF Response: 200 OK httpRequest={"proto":"HTTP/1.1","remoteIP":"192.168.42.106:54145","requestID":"438a9a6f1e38/hcstIKcZuT-000155","requestMethod":"POST","requestPath":"/graphql","requestURL":"http://192.168.42.164:9999/graphql"} httpResponse={"bytes":301,"elapsed":0.940609,"status":200} service=stash
stash  | 2026-04-23T19:02:45.016300834-03:00 INF Response: 304 Redirect httpRequest={"proto":"HTTP/1.1","remoteIP":"192.168.42.106:54143","requestID":"438a9a6f1e38/hcstIKcZuT-000156","requestMethod":"GET","requestPath":"/customlocales","requestURL":"http://192.168.42.164:9999/customlocales"} httpResponse={"bytes":0,"elapsed":0.047543,"status":304} service=stash
stash  | 2026-04-23T19:02:45.203833467-03:00 INF Response: 200 OK httpRequest={"proto":"HTTP/1.1","remoteIP":"192.168.42.106:54143","requestID":"438a9a6f1e38/hcstIKcZuT-000157","requestMethod":"POST","requestPath":"/graphql","requestURL":"http://192.168.42.164:9999/graphql"} httpResponse={"bytes":592,"elapsed":1.728281,"status":200} service=stash
stash  | 2026-04-23T19:02:45.353317507-03:00 INF Response: 304 Redirect httpRequest={"proto":"HTTP/1.1","remoteIP":"192.168.42.106:54143","requestID":"438a9a6f1e38/hcstIKcZuT-000158","requestMethod":"GET","requestPath":"/plugin/stash_renamer/javascript","requestURL":"http://192.168.42.164:9999/plugin/stash_renamer/javascript"} httpResponse={"bytes":0,"elapsed":38.506848,"status":304} service=stash
stash  | 2026-04-23T19:02:46.106671036-03:00 INF Response: 200 OK httpRequest={"proto":"HTTP/1.1","remoteIP":"192.168.42.106:54143","requestID":"438a9a6f1e38/hcstIKcZuT-000159","requestMethod":"POST","requestPath":"/graphql","requestURL":"http://192.168.42.164:9999/graphql"} httpResponse={"bytes":26,"elapsed":0.714315,"status":200} service=stash
stash  | 2026-04-23T19:02:46.289391966-03:00 INF Response: 200 OK httpRequest={"proto":"HTTP/1.1","remoteIP":"192.168.42.106:54143","requestID":"438a9a6f1e38/hcstIKcZuT-000160","requestMethod":"POST","requestPath":"/graphql","requestURL":"http://192.168.42.164:9999/graphql"} httpResponse={"bytes":26,"elapsed":0.264599,"status":200} service=stash
stash  | 2026-04-23T19:02:50.462921633-03:00 INF Response: 200 OK httpRequest={"proto":"HTTP/1.1","remoteIP":"192.168.42.106:54143","requestID":"438a9a6f1e38/hcstIKcZuT-000161","requestMethod":"POST","requestPath":"/graphql","requestURL":"http://192.168.42.164:9999/graphql"} httpResponse={"bytes":332,"elapsed":9.136565,"status":200} service=stash
stash  | 2026-04-23T19:02:53.952109542-03:00 INF Response: 200 OK httpRequest={"proto":"HTTP/1.1","remoteIP":"192.168.42.106:54143","requestID":"438a9a6f1e38/hcstIKcZuT-000162","requestMethod":"POST","requestPath":"/graphql","requestURL":"http://192.168.42.164:9999/graphql"} httpResponse={"bytes":649,"elapsed":304.320199,"status":200} service=stash
stash  | 2026-04-23T19:02:59.421721166-03:00 INF Response: 200 OK httpRequest={"proto":"HTTP/1.1","remoteIP":"192.168.42.106:54143","requestID":"438a9a6f1e38/hcstIKcZuT-000163","requestMethod":"POST","requestPath":"/graphql","requestURL":"http://192.168.42.164:9999/graphql"} httpResponse={"bytes":31,"elapsed":0.343036,"status":200} service=stash
stash  | INFO[2026-04-23 19:02:59] Updating package stash_renamer               
stash  | 2026-04-23T19:02:59.453272424-03:00 INF Response: 200 OK httpRequest={"proto":"HTTP/1.1","remoteIP":"192.168.42.106:54143","requestID":"438a9a6f1e38/hcstIKcZuT-000164","requestMethod":"POST","requestPath":"/graphql","requestURL":"http://192.168.42.164:9999/graphql"} httpResponse={"bytes":283,"elapsed":0.54029,"status":200} service=stash
stash  | 2026-04-23T19:03:00.466970288-03:00 INF Response: 200 OK httpRequest={"proto":"HTTP/1.1","remoteIP":"192.168.42.106:54143","requestID":"438a9a6f1e38/hcstIKcZuT-000165","requestMethod":"POST","requestPath":"/graphql","requestURL":"http://192.168.42.164:9999/graphql"} httpResponse={"bytes":283,"elapsed":0.148783,"status":200} service=stash
stash  | INFO[2026-04-23 19:03:00] Finished updating packages                   
stash  | 2026-04-23T19:03:00.543837784-03:00 INF Response: 200 OK httpRequest={"proto":"HTTP/1.1","remoteIP":"192.168.42.106:54143","requestID":"438a9a6f1e38/hcstIKcZuT-000166","requestMethod":"POST","requestPath":"/graphql","requestURL":"http://192.168.42.164:9999/graphql"} httpResponse={"bytes":592,"elapsed":11.588196,"status":200} service=stash
stash  | 2026-04-23T19:03:00.564384963-03:00 INF Response: 200 OK httpRequest={"proto":"HTTP/1.1","remoteIP":"192.168.42.106:54145","requestID":"438a9a6f1e38/hcstIKcZuT-000167","requestMethod":"POST","requestPath":"/graphql","requestURL":"http://192.168.42.164:9999/graphql"} httpResponse={"bytes":332,"elapsed":21.05227,"status":200} service=stash
stash  | 2026-04-23T19:03:00.606082693-03:00 INF Response: 200 OK httpRequest={"proto":"HTTP/1.1","remoteIP":"192.168.42.106:54148","requestID":"438a9a6f1e38/hcstIKcZuT-000168","requestMethod":"POST","requestPath":"/graphql","requestURL":"http://192.168.42.164:9999/graphql"} httpResponse={"bytes":649,"elapsed":18.680596,"status":200} service=stash
stash  | 2026-04-23T19:03:00.819527123-03:00 INF Response: 200 OK httpRequest={"proto":"HTTP/1.1","remoteIP":"192.168.42.106:54143","requestID":"438a9a6f1e38/hcstIKcZuT-000169","requestMethod":"POST","requestPath":"/graphql","requestURL":"http://192.168.42.164:9999/graphql"} httpResponse={"bytes":592,"elapsed":2.179433,"status":200} service=stash
stash  | 2026-04-23T19:03:00.827830941-03:00 INF Response: 200 OK httpRequest={"proto":"HTTP/1.1","remoteIP":"192.168.42.106:54145","requestID":"438a9a6f1e38/hcstIKcZuT-000170","requestMethod":"POST","requestPath":"/graphql","requestURL":"http://192.168.42.164:9999/graphql"} httpResponse={"bytes":332,"elapsed":2.756254,"status":200} service=stash
stash  | 2026-04-23T19:03:00.840975414-03:00 INF Response: 200 OK httpRequest={"proto":"HTTP/1.1","remoteIP":"192.168.42.106:54148","requestID":"438a9a6f1e38/hcstIKcZuT-000171","requestMethod":"POST","requestPath":"/graphql","requestURL":"http://192.168.42.164:9999/graphql"} httpResponse={"bytes":649,"elapsed":15.60876,"status":200} service=stash
stash  | 2026-04-23T19:03:01.476352269-03:00 INF Response: 200 OK httpRequest={"proto":"HTTP/1.1","remoteIP":"192.168.42.106:54143","requestID":"438a9a6f1e38/hcstIKcZuT-000172","requestMethod":"POST","requestPath":"/graphql","requestURL":"http://192.168.42.164:9999/graphql"} httpResponse={"bytes":293,"elapsed":0.152359,"status":200} service=stash
stash  | 2026-04-23T19:03:01.49546252-03:00 INF Response: 200 OK httpRequest={"proto":"HTTP/1.1","remoteIP":"192.168.42.106:54143","requestID":"438a9a6f1e38/hcstIKcZuT-000173","requestMethod":"POST","requestPath":"/graphql","requestURL":"http://192.168.42.164:9999/graphql"} httpResponse={"bytes":592,"elapsed":0.560663,"status":200} service=stash
stash  | 2026-04-23T19:03:01.500085914-03:00 INF Response: 200 OK httpRequest={"proto":"HTTP/1.1","remoteIP":"192.168.42.106:54145","requestID":"438a9a6f1e38/hcstIKcZuT-000175","requestMethod":"POST","requestPath":"/graphql","requestURL":"http://192.168.42.164:9999/graphql"} httpResponse={"bytes":332,"elapsed":1.504393,"status":200} service=stash
stash  | 2026-04-23T19:03:01.512624655-03:00 INF Response: 200 OK httpRequest={"proto":"HTTP/1.1","remoteIP":"192.168.42.106:54148","requestID":"438a9a6f1e38/hcstIKcZuT-000174","requestMethod":"POST","requestPath":"/graphql","requestURL":"http://192.168.42.164:9999/graphql"} httpResponse={"bytes":649,"elapsed":14.11738,"status":200} service=stash
stash  | 2026-04-23T19:03:02.491319702-03:00 INF Response: 200 OK httpRequest={"proto":"HTTP/1.1","remoteIP":"192.168.42.106:54143","requestID":"438a9a6f1e38/hcstIKcZuT-000176","requestMethod":"POST","requestPath":"/graphql","requestURL":"http://192.168.42.164:9999/graphql"} httpResponse={"bytes":293,"elapsed":0.645411,"status":200} service=stash
stash  | 2026-04-23T19:03:03.50520427-03:00 INF Response: 200 OK httpRequest={"proto":"HTTP/1.1","remoteIP":"192.168.42.106:54143","requestID":"438a9a6f1e38/hcstIKcZuT-000177","requestMethod":"POST","requestPath":"/graphql","requestURL":"http://192.168.42.164:9999/graphql"} httpResponse={"bytes":293,"elapsed":0.259615,"status":200} service=stash
stash  | 2026-04-23T19:03:04.517959793-03:00 INF Response: 200 OK httpRequest={"proto":"HTTP/1.1","remoteIP":"192.168.42.106:54143","requestID":"438a9a6f1e38/hcstIKcZuT-000178","requestMethod":"POST","requestPath":"/graphql","requestURL":"http://192.168.42.164:9999/graphql"} httpResponse={"bytes":293,"elapsed":0.658397,"status":200} service=stash
stash  | 2026-04-23T19:03:05.526560701-03:00 INF Response: 200 OK httpRequest={"proto":"HTTP/1.1","remoteIP":"192.168.42.106:54143","requestID":"438a9a6f1e38/hcstIKcZuT-000179","requestMethod":"POST","requestPath":"/graphql","requestURL":"http://192.168.42.164:9999/graphql"} httpResponse={"bytes":293,"elapsed":0.450931,"status":200} service=stash
stash  | 2026-04-23T19:03:06.535884363-03:00 INF Response: 200 OK httpRequest={"proto":"HTTP/1.1","remoteIP":"192.168.42.106:54143","requestID":"438a9a6f1e38/hcstIKcZuT-000180","requestMethod":"POST","requestPath":"/graphql","requestURL":"http://192.168.42.164:9999/graphql"} httpResponse={"bytes":293,"elapsed":0.367941,"status":200} service=stash
stash  | 2026-04-23T19:03:07.544892736-03:00 INF Response: 200 OK httpRequest={"proto":"HTTP/1.1","remoteIP":"192.168.42.106:54143","requestID":"438a9a6f1e38/hcstIKcZuT-000181","requestMethod":"POST","requestPath":"/graphql","requestURL":"http://192.168.42.164:9999/graphql"} httpResponse={"bytes":293,"elapsed":0.20441,"status":200} service=stash
stash  | 2026-04-23T19:03:08.553303971-03:00 INF Response: 200 OK httpRequest={"proto":"HTTP/1.1","remoteIP":"192.168.42.106:54143","requestID":"438a9a6f1e38/hcstIKcZuT-000182","requestMethod":"POST","requestPath":"/graphql","requestURL":"http://192.168.42.164:9999/graphql"} httpResponse={"bytes":293,"elapsed":0.587356,"status":200} service=stash
stash  | 2026-04-23T19:03:09.56285634-03:00 INF Response: 200 OK httpRequest={"proto":"HTTP/1.1","remoteIP":"192.168.42.106:54143","requestID":"438a9a6f1e38/hcstIKcZuT-000183","requestMethod":"POST","requestPath":"/graphql","requestURL":"http://192.168.42.164:9999/graphql"} httpResponse={"bytes":293,"elapsed":0.219191,"status":200} service=stash
stash  | 2026-04-23T19:03:10.159102361-03:00 INF Response: 200 OK httpRequest={"proto":"HTTP/1.1","remoteIP":"192.168.42.106:54145","requestID":"438a9a6f1e38/hcstIKcZuT-000185","requestMethod":"POST","requestPath":"/graphql","requestURL":"http://192.168.42.164:9999/graphql"} httpResponse={"bytes":109,"elapsed":0.984926,"status":200} service=stash
stash  | ERRO[2026-04-23 19:03:10] [Plugin / Scene Renamer] [runtime_preflight] waiting for preflight lock: /tmp/stash_renamer_runtime_preflight.lock 
stash  | ERRO[2026-04-23 19:03:10] [Plugin / Scene Renamer] [runtime_preflight] acquired preflight lock 
stash  | ERRO[2026-04-23 19:03:10] [Plugin / Scene Renamer] [runtime_preflight] starting preflight; python=/usr/bin/python3 version=3.12.13 (main, Apr 10 2026, 13:58:11) [GCC 15.2.0] 
stash  | ERRO[2026-04-23 19:03:10] [Plugin / Scene Renamer] [runtime_preflight] requirements path: /root/.stash/plugins/stash_renamer/requirements.txt 
stash  | ERRO[2026-04-23 19:03:10] [Plugin / Scene Renamer] [runtime_preflight] in_virtualenv: False 
stash  | ERRO[2026-04-23 19:03:10] [Plugin / Scene Renamer] [runtime_preflight] usersite: /root/.local/lib/python3.12/site-packages 
stash  | ERRO[2026-04-23 19:03:10] [Plugin / Scene Renamer] [runtime_preflight] sites: ['/usr/lib/python3.12/site-packages'] 
stash  | ERRO[2026-04-23 19:03:10] [Plugin / Scene Renamer] [runtime_preflight] sys.path entries: 6 
stash  | ERRO[2026-04-23 19:03:10] [Plugin / Scene Renamer] [runtime_preflight] not running inside virtualenv; bootstrapping local venv 
stash  | ERRO[2026-04-23 19:03:10] [Plugin / Scene Renamer] [runtime_preflight] creating local venv at: /root/.stash/plugins/stash_renamer/.venv_runtime 
stash  | 2026-04-23T19:03:12.759911402-03:00 INF Response: 200 OK httpRequest={"proto":"HTTP/1.1","remoteIP":"192.168.42.106:54143","requestID":"438a9a6f1e38/hcstIKcZuT-000184","requestMethod":"POST","requestPath":"/graphql","requestURL":"http://192.168.42.164:9999/graphql"} httpResponse={"bytes":111,"elapsed":2604.309891,"status":200} service=stash
stash  | 2026-04-23T19:03:12.764233572-03:00 INF Response: 200 OK httpRequest={"proto":"HTTP/1.1","remoteIP":"192.168.42.106:54145","requestID":"438a9a6f1e38/hcstIKcZuT-000186","requestMethod":"GET","requestPath":"/plugins/stash_renamer","requestURL":"http://192.168.42.164:9999/plugins/stash_renamer"} httpResponse={"bytes":939,"elapsed":0.147969,"status":200} service=stash
stash  | 2026-04-23T19:03:12.789104432-03:00 WRN Response: 0 Unknown httpRequest={"proto":"HTTP/1.1","remoteIP":"192.168.42.106:54144","requestID":"438a9a6f1e38/hcstIKcZuT-000151","requestMethod":"GET","requestPath":"/graphql","requestURL":"http://192.168.42.164:9999/graphql"} httpResponse={"bytes":0,"elapsed":28166.498807,"status":0} service=stash
stash  | 2026-04-23T19:03:12.829593689-03:00 INF Response: 200 OK httpRequest={"proto":"HTTP/1.1","remoteIP":"192.168.42.106:54145","requestID":"438a9a6f1e38/hcstIKcZuT-000187","requestMethod":"GET","requestPath":"/manifest.json","requestURL":"http://192.168.42.164:9999/manifest.json"} httpResponse={"bytes":381,"elapsed":0.056195,"status":200} service=stash
stash  | 2026-04-23T19:03:13.131624549-03:00 INF Response: 304 Redirect httpRequest={"proto":"HTTP/1.1","remoteIP":"192.168.42.106:54145","requestID":"438a9a6f1e38/hcstIKcZuT-000189","requestMethod":"GET","requestPath":"/css","requestURL":"http://192.168.42.164:9999/css"} httpResponse={"bytes":0,"elapsed":0.051817,"status":304} service=stash
stash  | 2026-04-23T19:03:13.155263831-03:00 INF Response: 304 Redirect httpRequest={"proto":"HTTP/1.1","remoteIP":"192.168.42.106:54145","requestID":"438a9a6f1e38/hcstIKcZuT-000190","requestMethod":"GET","requestPath":"/javascript","requestURL":"http://192.168.42.164:9999/javascript"} httpResponse={"bytes":0,"elapsed":0.030828,"status":304} service=stash
stash  | 2026-04-23T19:03:13.322842473-03:00 INF Response: 200 OK httpRequest={"proto":"HTTP/1.1","remoteIP":"192.168.42.106:54145","requestID":"438a9a6f1e38/hcstIKcZuT-000191","requestMethod":"POST","requestPath":"/graphql","requestURL":"http://192.168.42.164:9999/graphql"} httpResponse={"bytes":4549,"elapsed":8.887351,"status":200} service=stash
stash  | 2026-04-23T19:03:13.331306075-03:00 INF Response: 200 OK httpRequest={"proto":"HTTP/1.1","remoteIP":"192.168.42.106:54148","requestID":"438a9a6f1e38/hcstIKcZuT-000192","requestMethod":"POST","requestPath":"/graphql","requestURL":"http://192.168.42.164:9999/graphql"} httpResponse={"bytes":301,"elapsed":17.213963,"status":200} service=stash
stash  | 2026-04-23T19:03:13.346858449-03:00 INF Response: 200 OK httpRequest={"proto":"HTTP/1.1","remoteIP":"192.168.42.106:54151","requestID":"438a9a6f1e38/hcstIKcZuT-000193","requestMethod":"GET","requestPath":"/customlocales","requestURL":"http://192.168.42.164:9999/customlocales"} httpResponse={"bytes":26,"elapsed":0.037862,"status":200} service=stash
stash  | 2026-04-23T19:03:13.472353957-03:00 INF Response: 200 OK httpRequest={"proto":"HTTP/1.1","remoteIP":"192.168.42.106:54145","requestID":"438a9a6f1e38/hcstIKcZuT-000194","requestMethod":"POST","requestPath":"/graphql","requestURL":"http://192.168.42.164:9999/graphql"} httpResponse={"bytes":592,"elapsed":0.542018,"status":200} service=stash
stash  | 2026-04-23T19:03:13.606871089-03:00 INF Response: 304 Redirect httpRequest={"proto":"HTTP/1.1","remoteIP":"192.168.42.106:54145","requestID":"438a9a6f1e38/hcstIKcZuT-000195","requestMethod":"GET","requestPath":"/plugin/stash_renamer/javascript","requestURL":"http://192.168.42.164:9999/plugin/stash_renamer/javascript"} httpResponse={"bytes":0,"elapsed":34.871478,"status":304} service=stash
stash  | 2026-04-23T19:03:13.838654851-03:00 INF Response: 200 OK httpRequest={"proto":"HTTP/1.1","remoteIP":"192.168.42.106:54145","requestID":"438a9a6f1e38/hcstIKcZuT-000196","requestMethod":"POST","requestPath":"/graphql","requestURL":"http://192.168.42.164:9999/graphql"} httpResponse={"bytes":26,"elapsed":0.291609,"status":200} service=stash
stash  | 2026-04-23T19:03:13.872363407-03:00 INF Response: 200 OK httpRequest={"proto":"HTTP/1.1","remoteIP":"192.168.42.106:54148","requestID":"438a9a6f1e38/hcstIKcZuT-000198","requestMethod":"POST","requestPath":"/graphql","requestURL":"http://192.168.42.164:9999/graphql"} httpResponse={"bytes":109,"elapsed":2.648873,"status":200} service=stash
stash  | ERRO[2026-04-23 19:03:13] [Plugin / Scene Renamer] [runtime_preflight] waiting for preflight lock: /tmp/stash_renamer_runtime_preflight.lock 
stash  | ERRO[2026-04-23 19:03:13] [Plugin / Scene Renamer] [runtime_preflight] acquired preflight lock 
stash  | ERRO[2026-04-23 19:03:13] [Plugin / Scene Renamer] [runtime_preflight] starting preflight; python=/usr/bin/python3 version=3.12.13 (main, Apr 10 2026, 13:58:11) [GCC 15.2.0] 
stash  | ERRO[2026-04-23 19:03:13] [Plugin / Scene Renamer] [runtime_preflight] requirements path: /root/.stash/plugins/stash_renamer/requirements.txt 
stash  | ERRO[2026-04-23 19:03:13] [Plugin / Scene Renamer] [runtime_preflight] in_virtualenv: False 
stash  | ERRO[2026-04-23 19:03:13] [Plugin / Scene Renamer] [runtime_preflight] usersite: /root/.local/lib/python3.12/site-packages 
stash  | ERRO[2026-04-23 19:03:13] [Plugin / Scene Renamer] [runtime_preflight] sites: ['/usr/lib/python3.12/site-packages'] 
stash  | ERRO[2026-04-23 19:03:13] [Plugin / Scene Renamer] [runtime_preflight] sys.path entries: 6 
stash  | ERRO[2026-04-23 19:03:13] [Plugin / Scene Renamer] [runtime_preflight] not running inside virtualenv; bootstrapping local venv 
stash  | ERRO[2026-04-23 19:03:13] [Plugin / Scene Renamer] [runtime_preflight] installing requirements in venv using: /root/.stash/plugins/stash_renamer/.venv_runtime/bin/python 
stash  | ERRO[2026-04-23 19:03:13] [Plugin / Scene Renamer] [runtime_preflight] pip attempt #1: /root/.stash/plugins/stash_renamer/.venv_runtime/bin/python -m pip install --disable-pip-version-check -r /root/.stash/plugins/stash_renamer/requirements.txt 
stash  | ERRO[2026-04-23 19:03:15] [Plugin / Scene Renamer] [runtime_preflight] waiting for preflight lock: /tmp/stash_renamer_runtime_preflight.lock 
stash  | ERRO[2026-04-23 19:03:15] [Plugin / Scene Renamer] [runtime_preflight] waiting for preflight lock: /tmp/stash_renamer_runtime_preflight.lock 
stash  | ERRO[2026-04-23 19:03:16] [Plugin / Scene Renamer] [runtime_preflight] pip attempt #1 succeeded 
stash  | ERRO[2026-04-23 19:03:16] [Plugin / Scene Renamer] [runtime_preflight] restarting process with venv python: /root/.stash/plugins/stash_renamer/.venv_runtime/bin/python 
stash  | ERRO[2026-04-23 19:03:16] [Plugin / Scene Renamer] [runtime_preflight] acquired preflight lock 
stash  | ERRO[2026-04-23 19:03:16] [Plugin / Scene Renamer] [runtime_preflight] starting preflight; python=/usr/bin/python3 version=3.12.13 (main, Apr 10 2026, 13:58:11) [GCC 15.2.0] 
stash  | ERRO[2026-04-23 19:03:16] [Plugin / Scene Renamer] [runtime_preflight] requirements path: /root/.stash/plugins/stash_renamer/requirements.txt 
stash  | ERRO[2026-04-23 19:03:16] [Plugin / Scene Renamer] [runtime_preflight] in_virtualenv: False 
stash  | ERRO[2026-04-23 19:03:16] [Plugin / Scene Renamer] [runtime_preflight] usersite: /root/.local/lib/python3.12/site-packages 
stash  | ERRO[2026-04-23 19:03:16] [Plugin / Scene Renamer] [runtime_preflight] sites: ['/usr/lib/python3.12/site-packages'] 
stash  | ERRO[2026-04-23 19:03:16] [Plugin / Scene Renamer] [runtime_preflight] sys.path entries: 6 
stash  | ERRO[2026-04-23 19:03:16] [Plugin / Scene Renamer] [runtime_preflight] not running inside virtualenv; bootstrapping local venv 
stash  | ERRO[2026-04-23 19:03:16] [Plugin / Scene Renamer] [runtime_preflight] venv requirements are up to date 
stash  | ERRO[2026-04-23 19:03:16] [Plugin / Scene Renamer] [runtime_preflight] restarting process with venv python: /root/.stash/plugins/stash_renamer/.venv_runtime/bin/python 
stash  | ERRO[2026-04-23 19:03:16] [Plugin / Scene Renamer] [runtime_preflight] acquired preflight lock 
stash  | ERRO[2026-04-23 19:03:16] [Plugin / Scene Renamer] [runtime_preflight] starting preflight; python=/usr/bin/python3 version=3.12.13 (main, Apr 10 2026, 13:58:11) [GCC 15.2.0] 
stash  | ERRO[2026-04-23 19:03:16] [Plugin / Scene Renamer] [runtime_preflight] requirements path: /root/.stash/plugins/stash_renamer/requirements.txt 
stash  | ERRO[2026-04-23 19:03:16] [Plugin / Scene Renamer] [runtime_preflight] in_virtualenv: False 
stash  | ERRO[2026-04-23 19:03:16] [Plugin / Scene Renamer] [runtime_preflight] usersite: /root/.local/lib/python3.12/site-packages 
stash  | ERRO[2026-04-23 19:03:16] [Plugin / Scene Renamer] [runtime_preflight] sites: ['/usr/lib/python3.12/site-packages'] 
stash  | ERRO[2026-04-23 19:03:16] [Plugin / Scene Renamer] [runtime_preflight] sys.path entries: 6 
stash  | ERRO[2026-04-23 19:03:16] [Plugin / Scene Renamer] [runtime_preflight] not running inside virtualenv; bootstrapping local venv 
stash  | ERRO[2026-04-23 19:03:16] [Plugin / Scene Renamer] [runtime_preflight] venv requirements are up to date 
stash  | ERRO[2026-04-23 19:03:17] [Plugin / Scene Renamer] [runtime_preflight] restarting process with venv python: /root/.stash/plugins/stash_renamer/.venv_runtime/bin/python 
stash  | ERRO[2026-04-23 19:03:17] [Plugin / Scene Renamer] [runtime_preflight] waiting for preflight lock: /tmp/stash_renamer_runtime_preflight.lock 
stash  | ERRO[2026-04-23 19:03:17] [Plugin / Scene Renamer] [runtime_preflight] acquired preflight lock 
stash  | ERRO[2026-04-23 19:03:17] [Plugin / Scene Renamer] [runtime_preflight] starting preflight; python=/root/.stash/plugins/stash_renamer/.venv_runtime/bin/python version=3.12.13 (main, Apr 10 2026, 13:58:11) [GCC 15.2.0] 
stash  | ERRO[2026-04-23 19:03:17] [Plugin / Scene Renamer] [runtime_preflight] requirements path: /root/.stash/plugins/stash_renamer/requirements.txt 
stash  | ERRO[2026-04-23 19:03:17] [Plugin / Scene Renamer] [runtime_preflight] in_virtualenv: True 
stash  | ERRO[2026-04-23 19:03:17] [Plugin / Scene Renamer] [runtime_preflight] usersite: /root/.local/lib/python3.12/site-packages 
stash  | ERRO[2026-04-23 19:03:17] [Plugin / Scene Renamer] [runtime_preflight] sites: ['/root/.stash/plugins/stash_renamer/.venv_runtime/lib/python3.12/site-packages'] 
stash  | ERRO[2026-04-23 19:03:17] [Plugin / Scene Renamer] [runtime_preflight] sys.path entries: 6 
stash  | ERRO[2026-04-23 19:03:17] [Plugin / Scene Renamer] [runtime_preflight] parsed requirements: python-liquid, requests, watchdog 
stash  | ERRO[2026-04-23 19:03:17] [Plugin / Scene Renamer] [runtime_preflight] waiting for preflight lock: /tmp/stash_renamer_runtime_preflight.lock 
stash  | ERRO[2026-04-23 19:03:17] [Plugin / Scene Renamer] [runtime_preflight] waiting for preflight lock: /tmp/stash_renamer_runtime_preflight.lock 
stash  | ERRO[2026-04-23 19:03:17] [Plugin / Scene Renamer] [runtime_preflight] all requirements already installed and importable 
stash  | ERRO[2026-04-23 19:03:17] [Plugin / Scene Renamer] [runtime_preflight] requirements installation validated successfully 
stash  | ERRO[2026-04-23 19:03:17] [Plugin / Scene Renamer] [runtime_preflight] acquired preflight lock 
stash  | ERRO[2026-04-23 19:03:17] [Plugin / Scene Renamer] [runtime_preflight] released preflight lock 
stash  | ERRO[2026-04-23 19:03:17] [Plugin / Scene Renamer] [runtime_preflight] starting preflight; python=/root/.stash/plugins/stash_renamer/.venv_runtime/bin/python version=3.12.13 (main, Apr 10 2026, 13:58:11) [GCC 15.2.0] 
stash  | ERRO[2026-04-23 19:03:17] [Plugin / Scene Renamer] [runtime_preflight] requirements path: /root/.stash/plugins/stash_renamer/requirements.txt 
stash  | ERRO[2026-04-23 19:03:17] [Plugin / Scene Renamer] [runtime_preflight] in_virtualenv: True 
stash  | ERRO[2026-04-23 19:03:17] [Plugin / Scene Renamer] [runtime_preflight] usersite: /root/.local/lib/python3.12/site-packages 
stash  | ERRO[2026-04-23 19:03:17] [Plugin / Scene Renamer] [runtime_preflight] sites: ['/root/.stash/plugins/stash_renamer/.venv_runtime/lib/python3.12/site-packages'] 
stash  | ERRO[2026-04-23 19:03:17] [Plugin / Scene Renamer] [runtime_preflight] sys.path entries: 6 
stash  | ERRO[2026-04-23 19:03:17] [Plugin / Scene Renamer] [runtime_preflight] parsed requirements: python-liquid, requests, watchdog 
stash  | INFO[2026-04-23 19:03:17] [Plugin / Scene Renamer] Running in template:list_templates mode, options: {'mode': 'template:list_templates', 'server_url': 'http://0.0.0.0:9999/graphql', 'cookie_name': 'session', 'cookie_value': 'MTc3Njk4MTc5M3xEWDhFQVFMX2dBQUJFQUVRQUFCbl80QUFBZ1p6ZEhKcGJtY01DQUFHZFhObGNrbEVCbk4wY21sdVp3d0NBQUFHYzNSeWFXNW5EQlVBRTNacGMybDBaV1JRYkhWbmFXNXpTRzl2YTNNYlcxMXpaWE56YVc5dUxsWnBjMmwwWldSUWJIVm5hVzVJYjI5cl80TUNBUUxfaEFBQl80SUFBRG5fZ1FNQkFSRldhWE5wZEdWa1VHeDFaMmx1U0c5dmF3SF9nZ0FCQWdFSVVHeDFaMmx1U1VRQkRBQUJDRWh2YjJ0VWVYQmxBUXdBQUFBRl80UUNBQUE9fDfq1-aF6V9IO03vB2XrTv8LefY5IfVz8QAtcp9IfHMK', 'PluginDir': '/root/.stash/plugins/stash_renamer'} 
stash  | 2026-04-23T19:03:17.462462933-03:00 INF Response: 200 OK httpRequest={"proto":"HTTP/1.1","remoteIP":"127.0.0.1:57828","requestID":"438a9a6f1e38/hcstIKcZuT-000201","requestMethod":"POST","requestPath":"/graphql","requestURL":"http://0.0.0.0:9999/graphql"} httpResponse={"bytes":584,"elapsed":0.43281,"status":200} service=stash
stash  | 2026-04-23T19:03:17.464947712-03:00 INF Response: 200 OK httpRequest={"proto":"HTTP/1.1","remoteIP":"127.0.0.1:57840","requestID":"438a9a6f1e38/hcstIKcZuT-000202","requestMethod":"POST","requestPath":"/graphql","requestURL":"http://0.0.0.0:9999/graphql"} httpResponse={"bytes":424,"elapsed":0.325566,"status":200} service=stash
stash  | 2026-04-23T19:03:17.470204682-03:00 INF Response: 200 OK httpRequest={"proto":"HTTP/1.1","remoteIP":"127.0.0.1:57856","requestID":"438a9a6f1e38/hcstIKcZuT-000203","requestMethod":"POST","requestPath":"/graphql","requestURL":"http://0.0.0.0:9999/graphql"} httpResponse={"bytes":634,"elapsed":0.42828,"status":200} service=stash
stash  | 2026-04-23T19:03:17.533155894-03:00 INF Response: 200 OK httpRequest={"proto":"HTTP/1.1","remoteIP":"192.168.42.106:54145","requestID":"438a9a6f1e38/hcstIKcZuT-000197","requestMethod":"POST","requestPath":"/graphql","requestURL":"http://192.168.42.164:9999/graphql"} httpResponse={"bytes":48,"elapsed":3664.685833,"status":200} service=stash
stash  | ERRO[2026-04-23 19:03:17] [Plugin / Scene Renamer] [runtime_preflight] all requirements already installed and importable 
stash  | ERRO[2026-04-23 19:03:17] [Plugin / Scene Renamer] [runtime_preflight] requirements installation validated successfully 
stash  | ERRO[2026-04-23 19:03:17] [Plugin / Scene Renamer] [runtime_preflight] released preflight lock 
stash  | ERRO[2026-04-23 19:03:17] [Plugin / Scene Renamer] [runtime_preflight] acquired preflight lock 
stash  | ERRO[2026-04-23 19:03:17] [Plugin / Scene Renamer] [runtime_preflight] starting preflight; python=/root/.stash/plugins/stash_renamer/.venv_runtime/bin/python version=3.12.13 (main, Apr 10 2026, 13:58:11) [GCC 15.2.0] 
stash  | ERRO[2026-04-23 19:03:17] [Plugin / Scene Renamer] [runtime_preflight] requirements path: /root/.stash/plugins/stash_renamer/requirements.txt 
stash  | ERRO[2026-04-23 19:03:17] [Plugin / Scene Renamer] [runtime_preflight] in_virtualenv: True 
stash  | ERRO[2026-04-23 19:03:17] [Plugin / Scene Renamer] [runtime_preflight] usersite: /root/.local/lib/python3.12/site-packages 
stash  | ERRO[2026-04-23 19:03:17] [Plugin / Scene Renamer] [runtime_preflight] sites: ['/root/.stash/plugins/stash_renamer/.venv_runtime/lib/python3.12/site-packages'] 
stash  | ERRO[2026-04-23 19:03:17] [Plugin / Scene Renamer] [runtime_preflight] sys.path entries: 6 
stash  | ERRO[2026-04-23 19:03:17] [Plugin / Scene Renamer] [runtime_preflight] parsed requirements: python-liquid, requests, watchdog 
stash  | INFO[2026-04-23 19:03:17] [Plugin / Scene Renamer] Running in undo:list_operation_batches mode, options: {'mode': 'undo:list_operation_batches', 'server_url': 'http://0.0.0.0:9999/graphql', 'cookie_name': 'session', 'cookie_value': 'MTc3Njk4MTc5NXxEWDhFQVFMX2dBQUJFQUVRQUFCbl80QUFBZ1p6ZEhKcGJtY01DQUFHZFhObGNrbEVCbk4wY21sdVp3d0NBQUFHYzNSeWFXNW5EQlVBRTNacGMybDBaV1JRYkhWbmFXNXpTRzl2YTNNYlcxMXpaWE56YVc5dUxsWnBjMmwwWldSUWJIVm5hVzVJYjI5cl80TUNBUUxfaEFBQl80SUFBRG5fZ1FNQkFSRldhWE5wZEdWa1VHeDFaMmx1U0c5dmF3SF9nZ0FCQWdFSVVHeDFaMmx1U1VRQkRBQUJDRWh2YjJ0VWVYQmxBUXdBQUFBRl80UUNBQUE9fHHe-M0fKXpQt6RH9f4F1bRHEKAOx3zyRKqQP_h6_UVd', 'PluginDir': '/root/.stash/plugins/stash_renamer'} 
stash  | 2026-04-23T19:03:17.644935697-03:00 INF Response: 200 OK httpRequest={"proto":"HTTP/1.1","remoteIP":"127.0.0.1:57872","requestID":"438a9a6f1e38/hcstIKcZuT-000204","requestMethod":"POST","requestPath":"/graphql","requestURL":"http://0.0.0.0:9999/graphql"} httpResponse={"bytes":584,"elapsed":0.478231,"status":200} service=stash
stash  | 2026-04-23T19:03:17.651161916-03:00 INF Response: 200 OK httpRequest={"proto":"HTTP/1.1","remoteIP":"127.0.0.1:57888","requestID":"438a9a6f1e38/hcstIKcZuT-000205","requestMethod":"POST","requestPath":"/graphql","requestURL":"http://0.0.0.0:9999/graphql"} httpResponse={"bytes":424,"elapsed":0.314221,"status":200} service=stash
stash  | 2026-04-23T19:03:17.652920992-03:00 INF Response: 200 OK httpRequest={"proto":"HTTP/1.1","remoteIP":"127.0.0.1:57890","requestID":"438a9a6f1e38/hcstIKcZuT-000206","requestMethod":"POST","requestPath":"/graphql","requestURL":"http://0.0.0.0:9999/graphql"} httpResponse={"bytes":634,"elapsed":0.392793,"status":200} service=stash
stash  | 2026-04-23T19:03:17.719186877-03:00 INF Response: 200 OK httpRequest={"proto":"HTTP/1.1","remoteIP":"192.168.42.106:54151","requestID":"438a9a6f1e38/hcstIKcZuT-000200","requestMethod":"POST","requestPath":"/graphql","requestURL":"http://192.168.42.164:9999/graphql"} httpResponse={"bytes":46,"elapsed":2317.206445,"status":200} service=stash
stash  | ERRO[2026-04-23 19:03:17] [Plugin / Scene Renamer] [runtime_preflight] all requirements already installed and importable 
stash  | ERRO[2026-04-23 19:03:17] [Plugin / Scene Renamer] [runtime_preflight] requirements installation validated successfully 
stash  | ERRO[2026-04-23 19:03:17] [Plugin / Scene Renamer] [runtime_preflight] released preflight lock 
stash  | INFO[2026-04-23 19:03:17] [Plugin / Scene Renamer] Running in undo:list_operation_batches mode, options: {'mode': 'undo:list_operation_batches', 'server_url': 'http://0.0.0.0:9999/graphql', 'cookie_name': 'session', 'cookie_value': 'MTc3Njk4MTc5NXxEWDhFQVFMX2dBQUJFQUVRQUFCbl80QUFBZ1p6ZEhKcGJtY01DQUFHZFhObGNrbEVCbk4wY21sdVp3d0NBQUFHYzNSeWFXNW5EQlVBRTNacGMybDBaV1JRYkhWbmFXNXpTRzl2YTNNYlcxMXpaWE56YVc5dUxsWnBjMmwwWldSUWJIVm5hVzVJYjI5cl80TUNBUUxfaEFBQl80SUFBRG5fZ1FNQkFSRldhWE5wZEdWa1VHeDFaMmx1U0c5dmF3SF9nZ0FCQWdFSVVHeDFaMmx1U1VRQkRBQUJDRWh2YjJ0VWVYQmxBUXdBQUFBRl80UUNBQUE9fHHe-M0fKXpQt6RH9f4F1bRHEKAOx3zyRKqQP_h6_UVd', 'PluginDir': '/root/.stash/plugins/stash_renamer'} 